[    00000 Initilizin cgroup ubys cpet
[   000000]Intialiing crop subsys cu    0.0000] Inializg roup subys uacct
[   0.0000] Linux versin 4.4.0-03enri (buidd@l01-amd4-1)(gcc vrsin 4.0 206009 (Uuntu 5.40-ubtu1~16.04.5) #126-Uuntu SMP Mon Dec4 16:2:2 UC 2017 (Ubuntu 44.0-3.26-gneic4.4.98)
[    0.00000] Command line: BOOT_IMAGE=/boot/vmlinuz-4.4.0-3-neric oo=LABE=coudimgoofs ro cosolett consoe=tyS0
[    000000] RNEL spporedcpus:
    0000]   Intl eninIntel
[   .00000]   AMDAuenicD
[   0.00000  Cenau CentaurHauls
[   0.000] x86/fpu xstteoffset[2]:  576, xstate_sizes[2]:  256
[    0.000000] x86/fpu: Supporting XSAVE feature 0x01: 'x87 floating pinregisters
[   0000000] x86/fu: uppotig AVE eatre x02: SSE registers'
[    0.000000] x86/fpu: Supporting XSAVE feature 0x04: 'AVX registers'
[    0.000000] x86/u:Enable xtae eatus 7, contet sizis832 bys, sing 'stadard frmt.
  0.000000]x8/f: Usinglazy' PU contxt swich.
[    0.00000]82: BIOS-providd phyicl RAM map
  0.000000]IO-e820: [mem x0000000000000-0x000000000fbf] usle
[    0.00000] IOe820:[mem 000000009f0-0x0000000009ffff reserved
[    0.000000 BIO-e0:[mem 0x0000000000f000x00000000fffff resrv
[   0.00000 BIO-e0: mem 0x000000001000-x000000bfeffff] usable
[   0.00000] IOe820 [m 0x000000ff00-00000000bfffff API dta
[    0.00000] BI-e82: em0x00000000ffc000x0000000ffffff] eserved
[    0.000000] NX (Execute Disable) protection: active
[    0.000000] SMBIOS 2.5 present.
[    0.000000] Hypervisor detected: KVM
[    0.000000] e820: last_pfn = 0xbfff0 max_arch_pfn = 0x400000000
[    0.000000] MTRR: Disabled
[    0.000000] x86/PAT: MTRRs disabled, skipping PAT initialization too.
[    0.000000] CPU MTRRs all blank - virtualized system.
[    0.000000] x86/PAT: Confiraon [0-]: WB WT  C-UC  B T  UC UC  
[   0.000000] found SMP MP-table at [mem 0x0009fff0-0x0009ffff] mapped at [ffff88000009fff0]
[    0.000000] Scanning 1 areas for lo mory orupton
[    .000000] RAMDSK[mem 0x6ad000-037566fff]
  0.00000] ACI: arly tabe checkm erificatin sabld    0.00000ACP: RSDP0x000000000E000 0002 (02 VBOX  )
[   0.000]ACI:XST 0x0000BFFF0030 0003C v0VBOX VOXXST 00001 SL  0000061
    0000000 AI:FACP 000000BFF000 000F4 (v4 VBOX  VXFACP0000000 ASL  0000061)
[    0.000] CPI: DST 0x00000BFFF04700210 (v01 VOX  OXBIO 00002  INTL20058)
   000000] CP FCS 0x000000BF020 00040
[    0000000]ACPI: FACS 0x00000000BFFF0200 000040
[    0.000000] ACPI: APIC 0x00000000BFFF0240 00005C (v02 VBOX   VBOXAPIC 00000001 ASL  00000061)
[    0.00000ACI: SSDT 0x000000BFFF02A0 0001CC 01 VBOX  BOXPUT 000002IN 201005)
[    0.000000] No NUMA configuration found
[    0.000000] Faking a node at [mem 0x0000000000000000-0x00000000bffeffff]
[    0.000000] NODE_DATA(0) allocated [mem 0xbffeb000-0xbffeffff]
[    0.000000] kvm-clock: Using msrs 4b564d01 and 4b564d00
[    0.000000] kvm-clock: cpu 0, msr 0:bffe3001, primary cpu clock
[    0.000000] kvm-clock: using sched offset of 3056889651 cycles
[    0.000000] clocksource: kvm-clock: mask: 0xffffffffffffffff max_cycles: 0x1cd42e4dffb, max_idle_ns: 881590591483 ns
[    0.000000] Zone ranges:
[    0.000000]   DMA      [mem 0x0000000000001000-0x0000000000ffffff]
[    0.000000]   DMA32    [mem 0x000000000100000-0x000000ffff]
[  000000]   Norma  mpy
[   0.00000]  Devce  pty
[   0.0000] Movable zone start for each node
[    0.000000] Early memory node ranges
[    0.000000]   node   0: [mem 0x0000000000001000-0x000000000009efff]
[  0.0000]  node   0: [mem 0x0000000000100000-0x00000000bffeff]
[  .00000] Initme stunode0 mem x000000000001000-0x000000ffefff]
[   0.0000] PI PM-imerIO or 0x408[   0.000] IOAIC[0] aic_id 2, version 17, address 0xfec00000, GSI 0-23
[    0.000000] ACPI: INT_SRC_OVR (bus 0 bus_irq 0 global_irq 2 dfl dfl)
[    0.000000] ACPI: INTSRC_OV (s  busirq 9global_irq 9hih leeel)
   0.00000] Using ACPI (MADT) for SMP nfuration inrmaton
[    00000]smpboo: llowng 2 CPUs 0otlug CPU
   0.00000]PMRegisterednosave memory: [em 0x00000000-0x00000fff]
[    0.000000] PM: Registered nosave memory: [mem 0x0009f000-0x0009ffff]
[    0.000000] PM: Registeedosavememoy: [em x000a0000-000fff]
[    .00000] PM Rgisre nosav memry[mm 0x00f0000x000ffff]
[   00000] e820: [em 0xc0000000-xfbffff]avilable foPCI deices
[   .00000]Botin parirualizd ernel on KVM
[    0.000000] clckourc reind-jifie msk: 0ffffffffmax_ccles: 0xffff, max_dl_ns: 64551960011568 n
   0.00000] setu_perpu NR_CPS:12 nr_cpmask_bits:512 nr_cpu_ids:2 nr_node_ids:1
[    0.000000] PERCPU: Embedded 33 pages/cpu @ffff8800bfa00000 s98200 r8192 d28776 u1048576
[    0.000000] PV qspinlock hash table entries: 256 (order: 0, 4096 bytes)
[    0.000000] Built 1 zonelists in Node order, mobility grouping on.  Total pages: 740
[   0.00000] Poic zneDM32
[    0.00000] Kerne cmand ne BOT_IMAGE=/boot/vmlinuz-.4-103-genri root=LAEL=cloudi-rootf ro console=tty1coole=tyS
[   .00000 P hash bl etrie: 96 (orer: 3 368 byes)
   0.000000] Memory: 06612K145272 aailale (8485K kenecode, 129K rwdata 398K rodata, 1492K init, 1316K bss, 79100K reserved, 0K cma-reserved)
[    0.000000] SLUB: HWalign=64, Order=0-3, MinObjects=0, CPUs=2, Nodes=1
[    0.000000] Hierarchical RCU implementation.
[    0.000000] 	Build-time adjustment of leaf fanout to 64.
[    0.000000] 	RCU restricting CPUs from NR_CPUS=512 to nr_cpu_ids=2.
[    0.000000] RCU: Adjusting geometry for rcu_fanout_leaf=64, nr_cpu_ids=2
[    0.000000] NR_IRQS:33024 nr_irqs:440 16
[    0.000000] Console: colour VGA+ 80x25
[    0.000000] console [tty1] enabled
[    0.000000] console [ttyS0] enabled
[    0.000000] tsc: Detected 2294.688 MHz processor
[   10.617927] Calibrating delay loop (skipped) preset value.. 4589.37 BogoMIPS (lpj=9178752)
[   10.702352] pid_max: default: 32768 minimum: 301
[   10.775411] ACPI: Core revision 20150930
[   10.828227] ACPI: 2 ACPI AML tables successfully acquired and loaded
[   10.868212] Security Framework initialized
[   10.868988] Yama: becoming mindful.
[   10.869719] AppArmor: AppArmor initialized
[   10.872414] Dentry cache hash table entries: 524288 (order: 10, 4194304 bytes)
[   10.974377] Inode-cache hash table entries: 262144 (order: 9, 2097152 bytes)
[   11.055395] Mount-cache hash table entries: 8192 (order: 4, 65536 bytes)
[   11.124761] Mountpoint-cache hash table entries: 8192 (order: 4, 65536 bytes)
[   11.196189] Initializing cgroup subsys io
[   11.241206] Initializing cgroup subsys memory
[   11.242050] Initializing cgroup subsys devices
[   11.242893] Initializing cgroup subsys freezer
[   11.271467] Initializing cgroup subsys net_cls
[   11.327569] Initializing cgroup subsys perf_event
[   11.399322] Initializing cgroup subsys net_prio
[   11.411668] Initializing cgroup subsys hugetlb
[   11.412853] Initializing cgroup subsys pids
[   11.420040] CPU: Physical Processor ID: 0
[   11.456052] CPU: Processor Core ID: 0
[   11.469898] mce: CPU supports 0 MCE banks
[   11.476198] Last level iTLB entries: 4KB 1024, 2MB 1024, 4MB 1024
[   11.484742] Last level dTLB entries: 4KB 1024, 2MB 1024, 4MB 1024, 1GB 4
[   11.508275] Freeing SMP alternatives memory: 32K
[   11.520996] ftrace: allocating 32158 entries in 126 pages
[   11.615752] smpboot: APIC(0) Converting physical 0 to logical package 0
[   11.667131] smpboot: Max logical packages: 1
[   11.672917] ..TIMER: vector=0x30 apic1=0 pin1=2 apic2=-1 pin2=-1
[   11.795685] APIC calibration not consistent with PM-Timer: 101ms instead of 100ms
[   11.859488] APIC delta adjusted to PM-Timer: 6249413 (6331609)
[   11.871925] smpboot: CPU0: Intel(R) Core(TM) i7-4850HQ CPU @ 2.30GHz (family: 0x6, model: 0x46, stepping: 0x1)
[   11.880718] Performance Events: unsupported p6 CPU model 70 no PMU driver, software events only.
[   11.891896] KVM setup paravirtual spinlock
[   11.929253] x86: Booting SMP configuration:
[   11.933367] .... node  #0, CPUs:      #1
[   11.934716] kvm-clock: cpu 1, msr 0:bffe3041, secondary cpu clock
[   11.955644] mce: CPU supports 0 MCE banks
[   11.983398] x86: Booted up 1 node, 2 CPUs
[   12.020804] smpboot: Total of 2 processors activated (9178.75 BogoMIPS)
[   12.030115] devtmpfs: initialized
[   12.035437] evm: security.selinux
[   12.052309] evm: security.SMACK64
[   12.057280] evm: security.SMACK64EXEC
[   12.062013] evm: security.SMACK64TRANSMUTE
[   12.063432] evm: security.SMACK64MMAP
[   12.068439] evm: security.ima
[   12.073904] evm: security.capability
[   12.078279] clocksource: jiffies: mask: 0xffffffff max_cycles: 0xffffffff, max_idle_ns: 7645041785100000 ns
[   12.081042] futex hash table entries: 512 (order: 3, 32768 bytes)
[   12.082215] pinctrl core: initialized pinctrl subsystem
[   12.083225] RTC time: 15:35:14, date: 01/04/18
[   12.084226] NET: Registered protocol family 16
[   12.096077] cpuidle: using governor ladder
[   12.156523] cpuidle: using governor menu
[   12.213496] PCCT header not found.
[   12.240216] ACPI: bus type PCI registered
[   12.287004] acpiphp: ACPI Hot Plug PCI Controller Driver version: 0.5
[   12.351505] PCI: Using configuration type 1 for base access
[   12.421086] ACPI: Added _OSI(Module Device)
[   12.477182] ACPI: Added _OSI(Processor Device)
[   12.487882] ACPI: Added _OSI(3.0 _SCP Extensions)
[   12.524837] ACPI: Added _OSI(Processor Aggregator Device)
[   12.568554] ACPI: Executed 1 blocks of module-level executable AML code
[   12.622689] ACPI: Interpreter enabled
[   12.680051] ACPI: (supports S0 S5)
[   12.709060] ACPI: Using IOAPIC for interrupt routing
[   12.721902] PCI: Using host bridge windows from ACPI; if necessary, use "pci=nocrs" and report a bug
[   12.727008] ACPI: PCI Root Bridge [PCI0] (domain 0000 [bus 00-ff])
[   12.796455] acpi PNP0A03:00: _OSC: OS supports [ASPM ClockPM Segments MSI]
[   12.811514] acpi PNP0A03:00: _OSC failed (AE_NOT_FOUND); disabling ASPM
[   12.832535] acpi PNP0A03:00: fail to add MMCONFIG information, can't access extended PCI configuration space under this bridge.
[   12.952797] PCI host bridge to bus 0000:00
[   12.984159] pci_bus 0000:00: root bus resource [io  0x0000-0x0cf7 window]
[   13.068815] pci_bus 0000:00: root bus resource [io  0x0d00-0xffff window]
[   13.134097] pci_bus 0000:00: root bus resource [mem 0x000a0000-0x000bffff window]
[   13.152792] pci_bus 0000:00: root bus resource [mem 0xc0000000-0xffdfffff window]
[   13.184769] pci_bus 0000:00: root bus resource [bus 00-ff]
[   13.238694] pci 0000:00:01.1: legacy IDE quirk: reg 0x10: [io  0x01f0-0x01f7]
[   13.281491] pci 0000:00:01.1: legacy IDE quirk: reg 0x14: [io  0x03f6]
[   13.355745] pci 0000:00:01.1: legacy IDE quirk: reg 0x18: [io  0x0170-0x0177]
[   13.369850] pci 0000:00:01.1: legacy IDE quirk: reg 0x1c: [io  0x0376]
[   13.479704] ACPI: PCI Interrupt Link [LNKA] (IRQs 5 9 10 11) *0, disabled.
[   13.544414] ACPI: PCI Interrupt Link [LNKB] (IRQs 5 9 10 *11)
[   13.601405] ACPI: PCI Interrupt Link [LNKC] (IRQs 5 9 *10 11)
[   13.637479] ACPI: PCI Interrupt Link [LNKD] (IRQs 5 *9 10 11)
[   13.692498] ACPI: Enabled 2 GPEs in block 00 to 07
[   13.730149] vgaarb: setting as boot device: PCI:0000:00:02.0
[   13.804280] vgaarb: device added: PCI:0000:00:02.0,decodes=io+mem,owns=io+mem,locks=none
[   13.834187] vgaarb: loaded
[   13.834775] vgaarb: bridge control possible 0000:00:02.0
[   13.844801] SCSI subsystem initialized
[   13.895880] ACPI: bus type USB registered
[   13.952073] usbcore: registered new interface driver usbfs
[   14.008202] usbcore: registered new interface driver hub
[   14.081367] usbcore: registered new device driver usb
[   14.117003] PCI: Using ACPI for IRQ routing
[   14.172164] NetLabel: Initializing
[   14.193105] NetLabel:  domain hash size = 128
[   14.256005] NetLabel:  protocols = UNLABELED CIPSOv4
[   14.293314] NetLabel:  unlabeled traffic allowed by default
[   14.357266] amd_nb: Cannot enumerate AMD northbridges
[   14.392046] clocksource: Switched to clocksource kvm-clock
[   4.386] ppmor:ApArr Fileystem Enabled
[   14.752508] pnp: PnP ACPI init
[  17598] p: PnPAC: foun 3 dvices
[   15.083246] clocksource: acpi_pm: mask: 0xffffff max_cycles: 0xffffff, max_idle_ns: 2085701024 ns
[   15.113181] NET: Registered protocol family 2
[   15.123977] TCP established hash table entries: 32768 (order: 6, 262144 bytes)
[   15.185999] TCP bind hash table entries: 32768 (order: 7, 524288 bytes)
[   15.224604] TCP: Hash tables configured (established 32768 bind 32768)
[   15.282896] UDP hash table entries: 2048 (order: 4, 65536 bytes)
[   15.306732] UDP-Lite hash table entries: 2048 (order: 4, 65536 bytes)
[   15.381008] NET: Registered protocol family 1
[   15.389850] pci 0000:00:00.0: Limiting direct PCI/PCI transfers
[   15.415458] pci 0000:00:01.0: Activating ISA DMA hang workarounds
[   15.417946] Unpacking initramfs...
[   17.119267] Freeing initrd memory: 10788K
[   17.152417] platform rtc_cmos: registered platform RTC device (no PNP device found)
[   17.179344] Scanning for low memory corruption every 60 seconds
[   17.215471] audit: initializing netlink subsys (disabled)
[   17.241653] audit: type=2000 audit(1515080109.737:1): initialized
[   17.260210] Initialise system trusted keyring
[   17.271366] HugeTLB registered 2 MB page size, pre-allocated 0 pages
[   17.273566] zbud: loaded
[   17.274361] VFS: Disk quotas dquot_6.6.0
[   17.275149] VFS: Dquot-cache hash table entries: 512 (order 0, 4096 bytes)
[   17.342570] squashfs: version 4.0 (2009/01/31) Phillip Lougher
[   17.356187] fuse init (API version 7.23)
[   17.361935] Key type big_key registered
[   17.409068] Allocating IMA MOK and blacklist keyrings.
[   17.430456] Key type asymmetric registered
[   17.441921] Asymmetric key parser 'x509' registered
[   17.453753] Block layer SCSI generic (bsg) driver version 0.4 loaded (major 249)
[   17.511718] io scheduler noop registered
[   17.521999] io scheduler deadline registered (default)
[   17.539091] io scheduler cfq registered
[   17.551670] pci_hotplug: PCI Hot Plug PCI Core version: 0.5
[   17.593534] pciehp: PCI Express Hot Plug Controller Driver version: 0.4
[   17.612291] ACPI: AC Adapter [AC] (off-line)
[   17.625186] input: Power Button as /devices/LNXSYSTM:00/LNXPWRBN:00/input/input0
[   17.699042] ACPI: Power Button [PWRF]
[   17.708768] input: Sleep Button as /devices/LNXSYSTM:00/LNXSLPBN:00/input/input1
[   17.735450] ACPI: Sleep Button [SLPF]
[   17.736542] GHES: HEST is not enabled!
[   17.737340] ACPI: Battery Slot [BAT0] (battery present)
[   17.795915] Serial: 8250/16550 driver, 32 ports, IRQ sharing enabled
[   17.843605] 00:02: ttyS0 at I/O 0x3f8 (irq = 4, base_baud = 115200) is a 16550A
[   17.891737] Linux agpgart interface v0.103
[   17.899138] loop: module loaded
[   17.907182] scsi host0: ata_piix
[   17.940235] scsi host1: ata_piix
[   17.967053] ata1: PATA max UDMA/33 cmd 0x1f0 ctl 0x3f6 bmdma 0xd000 irq 14
[   17.984870] ata2: PATA max UDMA/33 cmd 0x170 ctl 0x376 bmdma 0xd008 irq 15
[   18.040577] libphy: Fixed MDIO Bus: probed
[   18.049762] tun: Universal TUN/TAP device driver, 1.6
[   18.077174] tun: (C) 1999-2004 Max Krasnyansky <maxk@qualcomm.com>
[   18.099496] PPP generic driver version 2.4.2
[   18.129579] ehci_hcd: USB 2.0 'Enhanced' Host Controller (EHCI) Driver
[   18.153322] tsc: Refined TSC clocksource calibration: 2295.045 MHz
[   18.170553] clocksource: tsc: mask: 0xffffffffffffffff max_cycles: 0x2114ec9bb03, max_idle_ns: 440795311993 ns
[   18.170615] ehci-pci: EHCI PCI platform driver
[   18.170650] ehci-platform: EHCI generic platform driver
[   18.170667] ohci_hcd: USB 1.1 'Open' Host Controller (OHCI) Driver
[   18.170672] ohci-pci: OHCI PCI platform driver
[   18.170680] ohci-platform: OHCI generic platform driver
[   18.170690] uhci_hcd: USB Universal Host Controller Interface driver
[   18.170770] i8042: PNP: PS/2 Controller [PNP0303:PS2K,PNP0f03:PS2M] at 0x60,0x64 irq 1,12
[   18.171305] serio: i8042 KBD port at 0x60,0x64 irq 1
[   18.171310] serio: i8042 AUX port at 0x60,0x64 irq 12
[   18.200329] mousedev: PS/2 mouse device common for all mice
[   18.200703] input: AT Translated Set 2 keyboard as /devices/platform/i8042/serio0/input/input2
[   18.201101] rtc_cmos rtc_cmos: rtc core: registered rtc_cmos as rtc0
[   18.201154] rtc_cmos rtc_cmos: alarms up to one day, 114 bytes nvram
[   18.201159] i2c /dev entries driver
[   18.201209] device-mapper: uevent: version 1.0.3
[   18.201254] device-mapper: ioctl: 4.34.0-ioctl (2015-10-28) initialised: dm-devel@redhat.com
[   18.201269] ledtrig-cpu: registered to indicate activity on CPUs
[   18.201516] NET: Registered protocol family 10
[   18.201682] NET: Registered protocol family 17
[   18.201691] Key type dns_resolver registered
[   18.201811] microcode: CPU0 sig=0x40661, pf=0x40, revision=0x0
[   18.208017] microcode: CPU1 sig=0x40661, pf=0x40, revision=0x0
[   18.208099] microcode: Microcode Update Driver: v2.01 <tigran@aivazian.fsnet.co.uk>, Peter Oruba
[   18.208210] registered taskstats version 1
[   18.208225] Loading compiled-in X.509 certificates
[   18.208913] Loaded X.509 cert 'Build time autogenerated kernel key: 6495e09daeacef0cade9c1ea2246b74b6c79cd53'
[   18.208936] zswap: loaded using pool lzo/zbud
[   18.210136] Key type trusted registered
[   18.211982] Key type encrypted registered
[   18.211988] AppArmor: AppArmor sha1 policy hashing enabled
[   18.211990] ima: No TPM chip found, activating TPM-bypass!
[   18.212011] evm: HMAC attrs: 0x1
[   18.212291]   Magic number: 2:887:587
[   18.228768] rtc_cmos rtc_cmos: setting system clock to 2018-01-04 15:35:20 UTC (1515080120)
[   18.228887] BIOS EDD facility v0.16 2004-Jun-25, 0 devices found
[   18.228888] EDD information not available.
[   19.257818] Freeing unused kernel memory: 1492K
[   20.240057] Write protecting the kernel read-only data: 14336k
[   20.669182] Freeing unused kernel memory: 1744K
[   20.705122] Freeing unused kernel memory: 108K
Loading, please [   20.788393] random: systemd-udevd: uninitialized urandom read (16 bytes read, 4 bits of entropy available)
wait...
startin[   20.789099] random: udevadm: uninitialized urandom read (16 bytes read, 4 bits of entropy available)
g version 229
[   20.789113] random: udevadm: uninitialized urandom read (16 bytes read, 4 bits of entropy available)
[   20.795413] random: udevadm: uninitialized urandom read (16 bytes read, 4 bits of entropy available)
[   20.795442] random: udevadm: uninitialized urandom read (16 bytes read, 4 bits of entropy available)
[   20.795530] random: udevadm: uninitialized urandom read (16 bytes read, 4 bits of entropy available)
[   20.795561] random: udevadm: uninitialized urandom read (16 bytes read, 4 bits of entropy available)
[   20.795593] random: udevadm: uninitialized urandom read (16 bytes read, 4 bits of entropy available)
[   20.795624] random: udevadm: uninitialized urandom read (16 bytes read, 4 bits of entropy available)
[   20.795654] random: udevadm: uninitialized urandom read (16 bytes read, 4 bits of entropy available)
[   21.757652] e1000: Intel(R) PRO/1000 Network Driver - version 7.3.21-k8-NAPI
[   21.820109] e1000: Copyright (c) 1999-2006 Intel Corporation.
[   21.886614] Fusion MPT base driver 3.04.20
[   21.903228] Copyright (c) 1999-2008 LSI Corporation
[   21.944529] AVX version of gcm_enc/dec engaged.
[   21.971929] AES CTR mode by8 optimization enabled
[   21.995204] Fusion MPT SPI Host driver 3.04.20
[   22.129032] input: ImExPS/2 Generic Explorer Mouse as /devices/platform/i8042/serio1/input/input4
[   22.352684] e1000 0000:00:03.0 eth0: (PCI:33MHz:32-bit) 02:63:8e:2c:ef:cd
[   22.412747] e1000 0000:00:03.0 eth0: Intel(R) PRO/1000 Network Connection
[   22.490955] mptbase: ioc0: Initiating bringup
[   22.908293] ioc0: LSI53C1030 A0: Capabilities={Initiator}
[   23.876344] scsi host2: ioc0: LSI53C1030 A0, FwRev=00000000h, Ports=1, MaxQ=256, IRQ=20
[   24.332496] scsi 2:0:0:0: Direct-Access     VBOX     HARDDISK         1.0  PQ: 0 ANSI: 5
[   24.358544] scsi target2:0:0: Beginning Domain Validation
[   24.372882] scsi target2:0:0: Domain Validation skipping write tests
[   24.374023] scsi target2:0:0: Ending Domain Validation
[   24.375136] scsi target2:0:0: asynchronous
[   24.388321] scsi 2:0:1:0: Direct-Access     VBOX     HARDDISK         1.0  PQ: 0 ANSI: 5
[   24.436148] scsi target2:0:1: Beginning Domain Validation
[   24.453205] scsi target2:0:1: Domain Validation skipping write tests
[   24.467573] scsi target2:0:1: Ending Domain Validation
[   24.468700] scsi target2:0:1: asynchronous
[   24.480958] sd 2:0:0:0: Attached scsi generic sg0 type 0
[   24.531095] sd 2:0:0:0: [sda] 20971520 512-byte logical blocks: (10.7 GB/10.0 GiB)
[   24.554051] sd 2:0:0:0: [sda] Write Protect is off
[   24.578574] sd 2:0:1:0: Attached scsi generic sg1 type 0
[   24.585718] sd 2:0:1:0: [sdb] 20480 512-byte logical blocks: (10.5 MB/10.0 MiB)
[   24.590593] sd 2:0:1:0: [sdb] Write Protect is off
[   24.595009] sd 2:0:1:0: [sdb] Incomplete mode parameter data
[   24.595010] sd 2:0:1:0: [sdb] Assuming drive cache: write through
[   24.670593] sd 2:0:0:0: [sda] Incomplete mode parameter data
[   24.670594] sd 2:0:0:0: [sda] Assuming drive cache: write through
[   24.681622]  sda: sda1
[   24.682427] sd 2:0:0:0: [sda] Attached SCSI disk
[   24.682491] sd 2:0:1:0: [sdb] Attached SCSI disk
[   24.763662] e1000 0000:00:08.0 eth1: (PCI:33MHz:32-bit) 08:00:27:83:f3:c4
[   24.763666] e1000 0000:00:08.0 eth1: Intel(R) PRO/1000 Network Connection
[   24.823337] e1000 0000:00:03.0 enp0s3: renamed from eth0
[   24.876909] e1000 0000:00:08.0 enp0s8: renamed from eth1
[   24.933012] floppy0: no floppy controllers found
Begin: Loading e[   26.294222] md: linear personality registered for level -1
ssential drivers[   26.358289] md: multipath personality registered for level -4
 ... [   26.380348] md: raid0 personality registered for level 0
[   26.391763] md: raid1 personality registered for level 1
[   26.520070] raid6: sse2x1   gen()  9730 MB/s
[   26.605442] raid6: sse2x1   xor()  7648 MB/s
[   26.684303] raid6: sse2x2   gen() 12492 MB/s
[   26.780633] raid6: sse2x2   xor()  8286 MB/s
[   26.856280] raid6: sse2x4   gen() 13787 MB/s
[   26.948238] raid6: sse2x4   xor()  8920 MB/s
[   26.975782] raid6: using algorithm sse2x4 gen() 13787 MB/s
[   26.991076] raid6: .... xor() 8920 MB/s, rmw enabled
[   26.995851] raid6: using ssse3x2 recovery algorithm
[   27.001037] xor: automatically using best checksumming function:
[   27.064267]    avx       : 21664.000 MB/sec
[   27.103991] async_tx: api initialized (async)
[   27.117942] md: raid6 personality registered for level 6
[   27.121439] md: raid5 personality registered for level 5
[   27.122353] md: raid4 personality registered for level 4
[   27.128142] md: raid10 personality registered for level 10
done.
Begin: Running /scripts/init-premount ... done.
Begin: Mounting root file syste[   27.214175] Btrfs loaded
m ... Begin: Running /scripts/local-top ... done.
Begin: Running /scripts/local-premount ... Sc[   27.287035] EXT4-fs (sda1): mounted filesystem with ordered data mode. Opts: (null)
anning for Btrfs filesystems
done.
Warning: fsck not present, so skipping root file system
done.
Begin: Running /scripts/local-bottom ... done.
Begin: Running /scripts/init-bottom ... done.
[   7.611] ssted[: ysem229 rnning in sysemode. (+M UDI +SELINUX IM+APPARMOR +AC +YSNI +UTMP +LIBRYPTSETU +RYPT +NUS ACL +Z -LZ +CCOMP +BKI +FUTIS KM -IDN)
[  28.579818] systemd[1]: Detected virtualization oracle.
[   28.605043] systemd[1]: Detected architecture x86-64.

Welcome to [1mUbuntu 16.04.3 LTS[0m!

[  268872]syemd[1]: ethotname to <buntu>.

[   28.959772] systemd[1]: Initializing machine ID from randomgerator.[ 29.0545 stemd[1]: nsaledtrsint/ec/chned ile.
[   29.72238] syted[: tarted orard Pssword eqests to Wl irtoy at.

[[0;32m  OK  [0m] Started Forward Password Requests to Wall Directory Watch.
[ 30.8479syem1] Rached taget Swap
[[0;32m  OK  [0m] Reached target Swap.
[  3.81666] stmd]:LitengonDeice-maperevt em FFO. [[0;32m  OK  [0m] Listening on Device-mapper event daemon FIFOs.
[   31.643833] systemd[1]: Reached target User and Group Name Lookups.
[[0;32m  OK  [0m] Reached target User and Group Name Lookups.
[  31.796354] systemd[1]: Listening on udev Control Socket.
[[0;32m  OK  [0m] Listening on udev Control Socket.
[   31.824] ystem1] Listeng n /evinctlCopaibility Named ip. [[0;32m  OK  [0m] Listening on /dev/initctl Compatibility Named Pipe.
[  324175] systemd[1] Ltenig  LM2 poll daemonocke.
[[0;32m  OK  [0m] Listening on LVM2 poll daemon socket.
[  308849] sstd[1]: istening on LVM2 metadata daemon socket.
[[0;32m  OK  [0m] Listening on LVM2 metadata daemon socket.
[  3.65152]syemd[1]: Listening o Jouralocket (/dev/log)

[[0;32m  OK  [0m] Listening on Journal Socket (/dev/log).
[ 34.025039 sstd[]:reated slice Systm ic.
[[0;32m  OK  [0m] Created slice System Slice.
[  36390 systed[1: eaed slice syte-seriax2etty.sic.
[[0;32m  OK  [0m] Created slice system-serial\x2dgetty.slice.
[   3.18292] sstmd]: Rachd rget Encrpted Volumes.
[[0;32m  OK  [0m] Reached target Encrypted Volumes.
[   5.432]syem1]Listenngn ouraludt oct.

[[0;32m  OK  [0m] Listening on Journal Audit Socket.
[  36.3139] syte[1: taed Trggerreolcon update for networkd DNS.
[[0;32m  OK  [0m] Started Trigger resolvconf update for networkd DNS.
[   36.583854] systemd[1]: Listening on Journal Socket.
[[0;32m  OK  [0m] Listening on Journal Socket.

[   36.596682] systemd[1]: Mounting Huge Pages File System...
[   36.652672] random: nonblocking pool is initialized
         Mounting Huge Pages File System...
[   36.712445] systemd[1]: Mounting Debug File System...
         Mounting Debug File System...
[   36.775641] systemd[1]: Starting Remount Root and Kernel File Systems...
         Starting Remount Root and Kernel File Systems...
[   36.781499] systemd[1]: Starting Nameserver information manager...
[   36.844942] EXT4-fs (sda1): re-mounted. Opts: (null)
         Starting Nameserver information manager...
[   36.912318] systemd[1]: Starting Uncomplicated firewall...
         Starting Uncomplicated firewall...
[   36.960674] systemd[1]: Starting Set console keymap...
         Starting Set console keymap...
[   37.020346] systemd[1]: Starting Monitoring of LVM2 mirrors, snapshots etc. using dmeventd or progress polling...
         Starting Monitoring of LVM2 mirrors... dmeventd or progress polling...
[   37.180263] systemd[1]: Starting Create list of required static device nodes for the current kernel...
         Starting Create list of required st... nodes for the current kernel...
[   37.4440] systed[: Lisening o uv erelSoet.

[[0;32m  OK  [0m] Listening on udev Kernel Socket.
[   37.640275] systemd[1]: Starting Load Kernel Modules...
         Starting Load Ke[   37.674080] Loading iSCSI transport class v2.0-870.
rnel Modules...
[   37.734837] systemd[1]: Mounting POSIX Message Queue File System...
[   37.760191] iscsi: registered transport (tcp)
         Mounting POSIX Message Queue File System...
[   37.824457] iscsi: registered transport (iser)
[   37.837365] systemd[1]: Set up automount Arbitrary Executable File Formats File System Automount Point.
[[0;32m  OK  [0m] Set up automount Arbitrary Executab...ats File System Automount Point.
[   7.49774 sted[: istening n Syslo Sockt.
[[0;32m  OK  [0m] Listening on Syslog Socket.
[   38.660301] systemd[1]: Starting Journal Service...
         Starting Journal Service...
[   38.690313] systemd[1]: Created slice User and Session Slice.
[[0;32m  OK  [0m] Created slice User and Session Slice.
[   38.765627] systemd[1]: Reached target Slices.
[[0;32m  OK  [0m] Reached target Slices.
[  38.822]ystemd[1]: Mont PSIMeag Qeue File System.
[[0;32m  OK  [0m] Mounted POSIX Message Queue File System.
[   39.212760] systemd[1]: Mounted Debug File System.
[[0;32m  OK  [0m] Mounted Debug File System.
[   39.229030] systemd[1]: Mounted Huge Pages File System.
[[0;32m  OK  [0m] Mounted Huge Pages File System.
[   39.252691] systemd[1]: Started Journal Service.
[[0;32m  OK  [0m] Started Journal Service.
[[0;32m  OK  [0m] Started Remount Root and Kernel File Systems.
[[0;32m  OK  [0m] Started Uncomplicated firewall.
[[0;32m  OK  [0m] Started Set console keymap.
[[0;32m  OK  [0m] Started Create list of required sta...ce nodes for the current kernel.
[[0;32m  OK  [0m] Started Load Kernel Modules.
[[0;32m  OK  [0m] Started Nameserver information manager.
[[0;32m  OK  [0m] Started LVM2 metadata daemon.
         Mounting FUSE Control File System...
         Starting Apply Kernel Variables...
         Starting Create Static Device Nodes in /dev...
         Starting Initial cloud-init job (pre-networking)...
         Starting Load/Save Random Seed...
         Starting udev Coldplug all Devices...
         Starting Flush Journal to Persistent Storage...
[[0;32m  OK  [0m] Mounted FUSE Control File System.
[[0;32m  OK  [0m] Started Apply Kernel Variables.
[[0;32m  OK  [0m] Started Create Static Device Nodes in /dev.
[[0;32m  OK  [0m] Started Load/Save Random Seed.
[[0;32m  OK  [0m] Started udev Coldplug all Devices.
[[0;32m  OK  [0m] Started Flush Journal to Persistent Storage.
         Starting udev Kernel Device Manager...
[[0;32m  OK  [0m] Started udev Kernel Device Manager.
[[0;32m  OK  [0m] Started Dispatch Password Requests to Console Directory Watch.
[[0;32m  OK  [0m] Started Monitoring of LVM2 mirrors,...ng dmeventd or progress polling.
[[0;32m  OK  [0m] Found device /dev/ttyS0.
[[0;32m  OK  [0m] Reached target Local File Systems (Pre).
[[0;32m  OK  [0m] Reached target Local File Systems.
         Starting Tell Plymouth To Write Out Runtime Data...
         Starting LSB: AppArmor initialization...
         Starting Commit a transient machine-id on disk...
[   26.585129] cloud-init[451]: Cloud-init v. 17.1 running 'init-local' at Thu, 04 Jan 2018 15:35:42 +0000. Up 26.27 seconds.
         Starting Set console font and keymap...
         Starting Create Volatile Files and Directories...
[[0;32m  OK  [0m] Started Tell Plymouth To Write Out Runtime Data.
[[0;32m  OK  [0m] Started Commit a transient machine-id on disk.
[[0;32m  OK  [0m] Started Create Volatile Files and Directories.
[[0;32m  OK  [0m] Started Set console font and keymap.
[[0;32m  OK  [0m] Started Initial cloud-init job (pre-networking).
[[0;32m  OK  [0m] Listening on Load/Save RF Kill Switch Status /dev/rfkill Watch.
[[0;32m  OK  [0m] Reached target Network (Pre).
[[0;32m  OK  [0m] Created slice system-getty.slice.
         Starting Update UTMP about System Boot/Shutdown...
[[0;32m  OK  [0m] Reached target System Time Synchronized.
[[0;32m  OK  [0m] Started Update UTMP about System Boot/Shutdown.
[[0;32m  OK  [0m] Started LSB: AppArmor initialization.
         Starting Raise network interfaces...
[[0;32m  OK  [0m] Started Raise network interfaces.
[[0;32m  OK  [0m] Reached target Network.
         Starting Initial cloud-init job (metadata service crawler)...
[   30.156366] cloud-init[946]: Cloud-init v. 17.1 running 'init' at Thu, 04 Jan 2018 15:35:45 +0000. Up 29.58 seconds.
[[0;32m  OK  [0m] Started Initial cloud-init job (metadata service crawler).
[[0;32m  OK  [0m] Reached target Network is Online.
[   30.238635] cloud-init[946]: ci-info: ++++++++++++++++++++++++++++++++++++++Net device info++++++++++++++++++++++++++++++++++++++
         Starting iSCSI initiator daemon (iscsid)...
[[0;32m  OK  [0m] Reached target Cloud-config availability.
[[0;32m  OK  [0m] Reached target System Initialization.
[[0;32m  OK  [0m] Started Timer to automatically refresh installed snaps.
[   30.394367] cloud-init[946]: ci-info: +--------+-------+----------------------------+---------------+-------+-------------------+
[   30.592311] cloud-init[946]: ci-info: | Device |   Up  |          Address           |      Mask     | Scope |     Hw-Address    |
[   30.613498] cloud-init[946]: ci-info: +--------+-------+----------------------------+---------------+-------+-------------------+
[   30.615311] cloud-init[946]: ci-info: | enp0s3 |  True |         10.0.2.15          | 255.255.255.0 |   .   | 02:63:8e:2c:ef:cd |
[   30.668462] cloud-init[946]: ci-info: | enp0s3 |  True | fe80::63:8eff:fe2c:efcd/64 |       .       |  link | 02:63:8e:2c:ef:cd |
[[0;32m  OK  [0m] Started ACPI Events Check.
[[0;32m  OK  [0m] Reached target Paths.
[[0;32m  OK  [0m] Listening on ACPID Listen Socket.
[[0;32m  OK  [0m] Started Daily Cleanup of Temporary Directories.
[   30.715564] cloud-init[946]: ci-info: | enp0s8 | False |             .              |       .       |   .   | 08:00:27:83:f3:c4 |
[   30.917035] cloud-init[946]: ci-info: |   lo   |  True |         127.0.0.1          |   255.0.0.0   |   .   |         .         |
[   30.976368] cloud-init[946]: ci-info: |   lo   |  True |          ::1/128           |       .       |  host |         .         |
[   31.034754] cloud-init[946]: ci-info: +--------+-------+----------------------------+---------------+-------+-------------------+
[   31.076321] cloud-init[946]: ci-info: +++++++++++++++++++++++++++Route IPv4 info++++++++++++++++++++++++++++
[   31.128550] cloud-init[946]: ci-info: +-------+-------------+----------+---------------+-----------+-------+
[[0;32m  OK  [0m] Started Daily apt download activities.
[[0;32m  OK  [0m] Listening on UUID daemon activation socket.
         Starting Socket activation for snappy daemon.
[[0;32m  OK  [0m] Listening on D-Bus System Message Bus Socket.
[   31.175712] cloud-init[946]: ci-info: | Route | Destination | Gateway  |    Genmask    | Interface | Flags |
[   31.352272] [cloud-init[0;32m  OK  [0m[946]: ] ci-info: +-------+-------------+----------+---------------+-----------+-------+Started Daily apt upgrade and clean activities.

[[0;32m  OK  [0m] Reached target Timers.
[   31.352783] cloud-init[946]: ci-info: |   0   |   0.0.0.0   | 10.0.2.2 |    0.0.0.0    |   enp0s3  |   UG  |
[   31.444738]          cloud-initStarting LXD - unix socket.[946]: 
ci-info: |   1   |   10.0.2.0  | 0.0.0.0  | 255.255.255.0 |   enp0s3  |   U   |
[   31.476704] [cloud-init[0;32m  OK  [0m[946]: ] ci-info: +-------+-------------+----------+---------------+-----------+-------+Listening on Socket activation for snappy daemon.

[[0;32m  OK  [0m] Listening on LXD - unix socket.
[[0;32m  OK  [0m] Started iSCSI initiator daemon (iscsid).
[   31.477346] cloud-init[946]: Generating public/private rsa key pair.
[   31.676963]          cloud-initStarting Login to default iSCSI targets...[946]: 
Your identification has been saved in /etc/ssh/ssh_host_rsa_key.
[   31.740805] [cloud-init[0;32m  OK  [0m[946]: ] Your public key has been saved in /etc/ssh/ssh_host_rsa_key.pub.Reached target Sockets.

[   31.816526] [cloud-init[0;32m  OK  [0m[946]: ] The key fingerprint is:Reached target Basic System.

[   31.817001] cloud-init[946]: SHA256:sj/ZikipHV7urS8qQ80i7pijK33blTyp+N5Tn2InKPY root@ubuntu-xenial
[   31.908812]          Starting System Logging Service...
cloud-init[946]: The key's randomart image is:
[   31.948451]          cloud-initStarting LSB: Record successful boot for GRUB...[946]: 
+---[RSA 2048]----+
         Starting Accounts Service...
[   31.999619] cloud-init[946]: |                 |
[   32.036842]          cloud-initStarting Login Service...[946]: 
|                 |
[   32.076378]          cloud-initStarting Pollinate to seed the pseudo random number generator...[946]: 
|                 |
         Starting LSB: MD monitoring daemon...
[   32.140137] cloud-init[946]: |                 |
[[0;32m  OK  [0m] Started Regular background program processing daemon.
[   32.207500] cloud-init[946]: |   o  . S        |
         Starting Apply the settings specified in cloud-config...
[   32.298966] cloud-init[946]: |. o o. + o.      |
[   32.356153] [cloud-init[0;32m  OK  [0m[946]: ] |.+ .+ o *= . .   |Started FUSE filesystem for LXC.

[   32.356526] cloud-init[946]: |+o+=.B+B=.= +    |
[   32.444320] [cloud-init[0;32m  OK  [0m[946]: ] |O+.+BBX*E= +     |Started ACPI event daemon.

[   32.444828] cloud-init[946]: +----[SHA256]-----+
[   32.520575]          cloud-initStarting LXD - container startup/shutdown...[946]: 
Generating public/private dsa key pair.
[   32.564099] [cloud-init[0;32m  OK  [0m[946]: ] Your identification has been saved in /etc/ssh/ssh_host_dsa_key.Started D-Bus System Message Bus.

[   32.564602] cloud-init[946]: Your public key has been saved in /etc/ssh/ssh_host_dsa_key.pub.
[   32.672355] [cloud-init[0;32m  OK  [0m[946]: ] The key fingerprint is:Started Deferred execution scheduler.

[   32.672754] cloud-init[946]: SHA256:60UeiwJWx4V0Ild3bFYtAWrIjxblj4h/4v8LCNB9DF0 root@ubuntu-xenial
[   32.776723]          cloud-initStarting /etc/rc.local Compatibility...[946]: 
The key's randomart image is:
[[0;32m  OK  [0m] Started Unattended Upgrades Shutdown.
[   32.826833] cloud-init[946]: +---[DSA 1024]----+
         Starting Snappy daemon...
[[0;32m  OK  [0m] Started System Logging Service.
[[0;32m  OK  [0m] Started LXD - container startup/shutdown.
[[0;32m  OK  [0m] Started /etc/rc.local Compatibility.
[   32.906965] cloud-init[946]: |      ..=+=.Eoooo|
[[0;32m  OK  [0m] Started Snappy daemon.
[[0;32m  OK  [0m] Started LSB: Record successful boot for GRUB.
[   33.082795] cloud-init[946]: |     . *.X.o .= .|
[[0;32m  OK  [0m] Started Login to default iSCSI targets.
[[0;32m  OK  [0m] Started Pollinate to seed the pseudo random number generator.
[[0;32m  OK  [0m] Started LSB: MD monitoring daemon.
[   33.177580] cloud-init[946]: |    . o B *  o . |
[   33.323727] cloud-init[946]: |     o o B o     |
[   33.364591] cloud-init[946]: |    o o S = .    |
[   33.372914] cloud-init[946]: |   . . + * o     |
[   33.404905] cloud-init[946]: |      . * *      |
[   33.428422] cloud-init[946]: |       + + .     |
[[0;32m  OK  [0m] Started Login Service.
[   33.456204] cloud-init[946]: |        o...o.   |
         Starting Authenticate and Authorize Users to Run Privileged Tasks...
[   33.526701] cloud-init[946]: +----[SHA256]-----+
[   33.546882] cloud-init[946]: Generating public/private ecdsa key pair.
[   33.547937] cloud-init[946]: Your identification has been saved in /etc/ssh/ssh_host_ecdsa_key.
[   33.549409] cloud-init[946]: Your public key has been saved in /etc/ssh/ssh_host_ecdsa_key.pub.
         Starting OpenBSD Secure Shell server...
[[0;32m  OK  [0m] Reached target Remote File Systems (Pre).
[[0;32m  OK  [0m] Reached target Remote File Systems.
[   33.607012] cloud-init[946]: The key fingerprint is:
         Starting LSB: VirtualBox Linux Additions...
[   33.727187] cloud-init[946]: SHA256:ZuzIDIBAq52oGdCEZTHipN5yFhteAnwoJ8YMuIjwNdM root@ubuntu-xenial
         Starting LSB: automatic crash report generation...
         Starting Permit User Sessions...
[   33.786642] cloud-init[946]: The key's randomart image is:
         Starting LSB: Set the CPU Frequency Scaling governor to "ondemand"...
[   33.858506] cloud-init[946]: +---[ECDSA 256]---+
[   33.880341] cloud-init[946]: |@*B. .           |
[   33.883934]          Starting LSB: daemon to balance interrupts for SMP systems...
cloud-init[[0;32m  OK  [0m] Started OpenBSD Secure Shell server.
[[0;32m  OK  [0m] Started Permit User Sessions.
[946]: |@%+o+ E          |
[   33.886791] [[0;32m  OK  [0m] Started Authenticate and Authorize Users to Run Privileged Tasks.
cloud-init[946]: |XB+= +           |[[0;32m  OK  [0m] Started Accounts Service.

[   33.889110] cloud-init[946]: |Bo+o*  .         |
[   33.890325] cloud-init[946]: |+oo*.   S        |
[   33.891655] cloud-init[946]: |.o+  + =         |
[   33.892867] cloud-init[946]: |o     + .        |
[   33.936317] cloud-init[946]: |                 |
[   33.936612] cloud-init[946]: |                 |
         Starting Terminate Plymouth Boot Screen...
[   33.936737] cloud-init[946]: +----[SHA256]-----+
[   34.004897] cloud-init[946]: Generating public/private ed25519 key pair.
[   34.005291] cloud-init[946]: Your identification has been saved in /etc/ssh/ssh_host_ed25519_key.
         Starting Hold until boot process finishes up...
[   34.005475] cloud-init[946]: Your public key has been saved in /etc/ssh/ssh_host_ed25519_key.pub.
[   34.220576] cloud-init[946]: The key fingerprint is:
[   34.221058] cloud-init[946]: SHA256:h7IG2eLQTZjJRm8ds2l6Chl6fzr3rDDzzro+h4GVnHg root@ubuntu-xenial
[[0;32m  OK  [0m] Started LSB: VirtualBox Linux Additions.
[   34.221309] cloud-init[946]: The key's randomart image is:
[[   34.392471] cloud-init[946]: +--[ED25519 256]--+
[   34.393091] cloud-init[946]: |    .   o        |
[0;32m  OK  [0m] Started LSB: automatic crash report generation.
[   34.393323] cloud-init[946]: |   o = . =       |
[[0;32m  OK  [0m] Started LSB: Set the CPU Frequency Scaling governor to "ondemand".
[   34.485100] cloud-init[946]: |    Bo+o=        |
[   34.485753] cloud-init[946]: |   +.OEo .       |
[[   34.592332] cloud-init[946]: |  o O+= S .      |
[   34.592898] cloud-init[946]: |   +.=.= .       |
[0;32m  OK  [0m] Started LSB: daemon to balance interrupts for SMP systems.
[   34.593141] cloud-init[946]: |    . Oo.        |
[[   34.764282] cloud-init[946]: |     .+Oo.       |
[0;32m  OK  [0m] Started Terminate Plymouth Boot Screen.
[   34.765312] cloud-init[946]: |     .=O=oo      |
[[   34.844531] cloud-init[946]: +----[SHA256]-----+
[0;32m  OK  [0m] Started Hold until boot process finishes up.
[   34.848115] cloud-init[1109]: Generating locales (this might take a while)...
         [   34.914561] Stopping OpenBSD Secure Shell server...cloud-init
[1109]:   en_US.UTF-8... done
[   34.974483] cloud-init[1109]: Generation complete.
[[0;32m  OK  [0m] Started Serial Getty on ttyS0.
         Starting Set console scheme...
[[0;32m  OK  [0m] Started Getty on tty1.
[[0;32m  OK  [0m] Reached target Login Prompts.
[[0;32m  OK  [0m] Stopped OpenBSD Secure Shell server.
[[0;32m  OK  [0m] Started Set console scheme.
         Starting OpenBSD Secure Shell server...
[[0;32m  OK  [0m] Started OpenBSD Secure Shell server.
[[0;32m  OK  [0m] Reached target Multi-User System.
[[0;32m  OK  [0m] Reached target Graphical Interface.
         Starting Update UTMP about System Runlevel Changes...
[[0;32m  OK  [0m] Created slice User Slice of ubuntu.
         Starting User Manager for UID 1000...
[[0;32m  OK  [0m] Started User Manager for UID 1000.
[   35.549288] cloud-init[1109]: Cloud-init v. 17.1 running 'modules:config' at Thu, 04 Jan 2018 15:35:48 +0000. Up 32.52 seconds.
[[0;32m  OK  [0m] Started Update UTMP about System Runlevel Changes.
[[0;32m  OK  [0m] Started Apply the settings specified in cloud-config.
[[0;32m  OK  [0m] Started Session 1 of user ubuntu.
         Starting Execute cloud user/final scripts...
ci-info: no authorized ssh keys fingerprints found for user ubuntu.
<14>Jan  4 15:35:52 ec2: 
<14>Jan  4 15:35:52 ec2: #############################################################
<14>Jan  4 15:35:52 ec2: -----BEGIN SSH HOST KEY FINGERPRINTS-----
<14>Jan  4 15:35:52 ec2: 1024 SHA256:60UeiwJWx4V0Ild3bFYtAWrIjxblj4h/4v8LCNB9DF0 root@ubuntu-xenial (DSA)
<14>Jan  4 15:35:52 ec2: 256 SHA256:ZuzIDIBAq52oGdCEZTHipN5yFhteAnwoJ8YMuIjwNdM root@ubuntu-xenial (ECDSA)
<14>Jan  4 15:35:52 ec2: 256 SHA256:h7IG2eLQTZjJRm8ds2l6Chl6fzr3rDDzzro+h4GVnHg root@ubuntu-xenial (ED25519)
<14>Jan  4 15:35:52 ec2: 2048 SHA256:sj/ZikipHV7urS8qQ80i7pijK33blTyp+N5Tn2InKPY root@ubuntu-xenial (RSA)
<14>Jan  4 15:35:52 ec2: -----END SSH HOST KEY FINGERPRINTS-----
<14>Jan  4 15:35:52 ec2: #############################################################
-----BEGIN SSH HOST KEY KEYS-----
ecdsa-sha2-nistp256 AAAAE2VjZHNhLXNoYTItbmlzdHAyNTYAAAAIbmlzdHAyNTYAAABBBGZIFOBYfS1pdNDp6SIevaO5ivmL+belI1kg7IpdChDB/0ZHds0GKHvQk6XUVMu2dVYL5lf64XvO1jJl0h60UCA= root@ubuntu-xenial
ssh-ed25519 AAAAC3NzaC1lZDI1NTE5AAAAIHH3u371aoflb2wITKYj5Xe1NKzsOFwY4YqjFLH/Aree root@ubuntu-xenial
ssh-rsa AAAAB3NzaC1yc2EAAAADAQABAAABAQCrauS5q+VzhPvnTpOSheARBiza4z/NprmIKp2DkdoLpPjNb5S2cvKaKA08QkeZNJ8wI2TcWgvljNGJ0716lGok8jk33ZgqUvJw/bwPw1G6ZAczUqGNviVuRflm3kQQr91hzNxJq6Yy/wmUd1MKt9q7iHnzvNokRTF/Jxjnkk+w7uqPuVTfuV/burIz/ARTKDdockm2nUaCmpXrc8snys87GJl7g67bw3F8Yq1QCROqYAdvcb2+AUomdP98cxhQ501qJ9wypLTzUby43sNClZGW33ucLHxKRwHrQl0mfLEkqsL4XlpIJec+Di33o7UwAKd+e30+VS9tOtwoxwdtSLIT root@ubuntu-xenial
-----END SSH HOST KEY KEYS-----
         Stopping User Manager for UID 1000...
[[0;32m  OK  [0m] Stopped User Manager for UID 1000.
[   37.446986] cloud-init[1329]: Cloud-init v. 17.1 running 'modules:final' at Thu, 04 Jan 2018 15:35:52 +0000. Up 36.13 seconds.
[   37.601332] cloud-init[1329]: ci-info: no authorized ssh keys fingerprints found for user ubuntu.
[[0;32m  OK  [0m] Started Execute cloud user/final scripts.
[   37.602124] cloud-init[1329]: Cloud-init v. 17.1 finished at Thu, 04 Jan 2018 15:35:53 +0000. Datasource DataSourceNoCloud [seed=/dev/sdb][dsmode=net].  Up 37.44 seconds
[[0;32m  OK  [0m] Removed slice User Slice of ubuntu.
[[0;32m  OK  [0m] Reached target Cloud-init target.

Ubuntu 16.04.3 LTS ubuntu-xenial ttyS0

ubuntu-xenial login: [  OK  d         Stopping LSB: MD monitoring daemon...
         Stopping LSB: Record successful boot for GRUB...
         Stopping LSB: Set the CPU Frequency Scaling governor to "ondemand"...
         Stopping Regular background program processing daemon...
[  OK  ] Stopped Apply the settings specified in cloud-config.
[  OK  ] Stopped target Cloud-config availability.
[  OK  ] Unmounted /var/lib/lxcfs.
[  OK  ] Stopped System Logging Service.
[  OK  ] Stopped Accounts Service.
[  OK  ] Stopped Regular background program processing daemon.
[  OK  ] Stopped ACPI event daemon.
[  OK  ] Stopped Deferred execution scheduler.
[  OK  ] Stopped Snappy daemon.
[  OK  ] Stopped Authenticate and Authorize Users to Run Privileged Tasks.
[  OK  ] Stopped Serial Getty on ttyS0.
[  OK  ] Stopped Getty on tty1.
[  OK  ] Stopped OpenBSD Secure Shell server.
[  OK  ] Stopped User Manager for UID 1000.
[  OK  ] Stopped Session 3 of user ubuntu.
[  OK  ] Stopped Unattended Upgrades Shutdown.
[  OK  ] Stopped vboxadd-service.service.
[  OK  ] Stopped vboxadd-x11.service.
[  OK  ] Stopped D-Bus System Message Bus.
[  OK  ] Stopped FUSE filesystem for LXC.
[  OK  ] Stopped LSB: daemon to balance interrupts for SMP systems.
[  OK  ] Stopped LXD - container startup/shutdown.
[  OK  ] Stopped LSB: automatic crash report generation.
[  OK  ] Stopped LSB: MD monitoring daemon.
[  OK  ] Stopped LSB: Record successful boot for GRUB.
[  OK  ] Stopped LSB: Set the CPU Frequency Scaling governor to "ondemand".
         Stopping vboxadd.service...
[  OK  ] Removed slice User Slice of ubuntu.
         Stopping Login Service...
[  OK  ] Removed slice system-getty.slice.
[  OK  ] Removed slice system-serial\x2dgetty.slice.
         Stopping Permit User Sessions...
[  OK  ] Stopped /etc/rc.local Compatibility.
[  OK  ] Unmounted /vagrant.
[  OK  ] Stopped Login Service.
[  OK  ] Stopped vboxadd.service.
[  OK  ] Stopped Permit User Sessions.
[  OK  ] Stopped target Remote File Systems.
[  OK  ] Stopped target Remote File Systems (Pre).
         Stopping Login to default iSCSI targets...
[  OK  ] Stopped target User and Group Name Lookups.
[  OK  ] Stopped target Basic System.
[  OK  ] Stopped target Slices.
[  OK  ] Stopped target Paths.
[  OK  ] Stopped ACPI Events Check.
[  OK  ] Stopped Forward Password Requests to Wall Directory Watch.
[  OK  ] Stopped Dispatch Password Requests to Console Directory Watch.
[  OK  ] Stopped target Sockets.
[  OK  ] Closed Socket activation for snappy daemon.
[  OK  ] Closed ACPID Listen Socket.
[  OK  ] Closed LXD - unix socket.
[  OK  ] Closed Syslog Socket.
[  OK  ] Closed UUID daemon activation socket.
[  OK  ] Closed D-Bus System Message Bus Socket.
[  OK  ] Removed slice User and Session Slice.
[  OK  ] Stopped target System Initialization.
[  OK  ] Stopped Commit a transient machine-id on disk.
[  OK  ] Stopped target Swap.
         Stopping Update UTMP about System Boot/Shutdown...
[  OK  ] Stopped target Encrypted Volumes.
         Stopping Load/Save Random Seed...
[  OK  ] Stopped Load/Save Random Seed.
[  OK  ] Stopped Update UTMP about System Boot/Shutdown.
[  OK  ] Stopped Login to default iSCSI targets.
         Stopping iSCSI initiator daemon (iscsid)...
[  OK  ] Stopped Create Volatile Files and Directories.
[  OK  ] Stopped iSCSI initiator daemon (iscsid).
[  OK  ] Stopped target Network is Online.
[  OK  ] Stopped Initial cloud-init job (metadata service crawler).
[  OK  ] Stopped target Network.
         Stopping Raise network interfaces...
[  OK  ] Stopped Raise network interfaces.
[  OK  ] Stopped target Network (Pre).
[  OK  ] Stopped Initial cloud-init job (pre-networking).
[  OK  ] Stopped Apply Kernel Variables.
[  OK  ] Stopped Load Kernel Modules.
[  OK  ] Stopped target Local File Systems.
         Unmounting /run/user/1000...
[  OK  ] Unmounted /run/user/1000.
[  OK  ] Reached target Unmount All Filesystems.
[  OK  ] Stopped target Local File Systems (Pre).
[  OK  ] Stopped Create Static Device Nodes in /dev.
[  OK  ] Stopped Remount Root and Kernel File Systems.
[  OK  ] Reached target Shutdown.
[ 918.27] bo: wedon
